A
B
fair
A
B
B
B
B
B
fair
B
A
B
B
B
B
A
B
A
A
A
B
A
A
A
A
B
B
B
B
B
B
A
A
B
A
A
A
B
B
B
A
B
B
A
B
A
B
A
A
B
A
A
B
B
B
B
A
A
B
A
B
A
A
A
B
B
A
B
fair
B
B
A
A
B
A
B
A
B
B
A
A
B
fair
A
B
B
A
A
B
B
B
A
A
B
A
B
B
B
B
B
A
B
B
B
fair
A
A
B
A
B
A
A
A
A
B
B
B
fair
A
A
B
A
fair
A
A
A
A
B
A
A
fair
A
B
B
A
A
B
B
B
B
B
A
A
B
A
B
B
B
A
B
B
B
A
A
B
fair
B
B
A
A
B
A
A
B
A
A
B
fair
B
fair
A
A
B
B
A
A
B
A
B
B
A
A
A
A
B
A
fair
A
B
B
A
A
A
B
A
fair
B
A
A
